2026-03-11 16:23:40,976 - INFO - Test job started (Momentum on AAPL)
2026-03-11 16:23:40,977 - INFO - Test job completed successfully
2026-03-11 16:23:40,979 - INFO - Daily BackTrace job started
2026-03-11 16:23:40,980 - ERROR - Failed T1: Simulated API failure
Traceback (most recent call last):
  File "/Users/garv/projects/backtrace/live/scheduler.py", line 85, in run_daily_strategy
    data = executor.get_historical_data(days=SELECTOR_LOOKBACK_DAYS)
  File "/opt/homebrew/Cellar/python@3.14/3.14.1/Frameworks/Python.framework/Versions/3.14/lib/python3.14/unittest/mock.py", line 1175, in __call__
    return self._mock_call(*args, **kwargs)
           ~~~~~~~~~~~~~~~^^^^^^^^^^^^^^^^^
  File "/opt/homebrew/Cellar/python@3.14/3.14.1/Frameworks/Python.framework/Versions/3.14/lib/python3.14/unittest/mock.py", line 1179, in _mock_call
    return self._execute_mock_call(*args, **kwargs)
           ~~~~~~~~~~~~~~~~~~~~~~~^^^^^^^^^^^^^^^^^
  File "/opt/homebrew/Cellar/python@3.14/3.14.1/Frameworks/Python.framework/Versions/3.14/lib/python3.14/unittest/mock.py", line 1234, in _execute_mock_call
    raise effect
RuntimeError: Simulated API failure

2026-03-11 16:23:40,980 - WARNING - Skipping T2: insufficient data
2026-03-11 16:23:40,980 - INFO - Daily BackTrace job finished
2026-03-11 16:25:22,786 - INFO - Test job started (Momentum on AAPL)
2026-03-11 16:25:22,787 - INFO - Test job completed successfully
2026-03-11 16:25:22,788 - INFO - Daily BackTrace job started
2026-03-11 16:25:22,788 - ERROR - Failed T1: Simulated API failure
Traceback (most recent call last):
  File "/Users/garv/projects/backtrace/live/scheduler.py", line 85, in run_daily_strategy
    data = executor.get_historical_data(days=SELECTOR_LOOKBACK_DAYS)
  File "/opt/homebrew/Cellar/python@3.14/3.14.1/Frameworks/Python.framework/Versions/3.14/lib/python3.14/unittest/mock.py", line 1175, in __call__
    return self._mock_call(*args, **kwargs)
           ~~~~~~~~~~~~~~~^^^^^^^^^^^^^^^^^
  File "/opt/homebrew/Cellar/python@3.14/3.14.1/Frameworks/Python.framework/Versions/3.14/lib/python3.14/unittest/mock.py", line 1179, in _mock_call
    return self._execute_mock_call(*args, **kwargs)
           ~~~~~~~~~~~~~~~~~~~~~~~^^^^^^^^^^^^^^^^^
  File "/opt/homebrew/Cellar/python@3.14/3.14.1/Frameworks/Python.framework/Versions/3.14/lib/python3.14/unittest/mock.py", line 1234, in _execute_mock_call
    raise effect
RuntimeError: Simulated API failure

2026-03-11 16:25:22,789 - WARNING - Skipping T2: insufficient data
2026-03-11 16:25:22,789 - INFO - Daily BackTrace job finished
2026-03-11 16:30:00,488 - INFO - Daily BackTrace job started
2026-03-11 16:30:00,685 - INFO - Chosen strategy for AAPL: Momentum (profit_prob Momentum=0.00, MA=0.00)
2026-03-11 16:30:00,988 - INFO - Completed Momentum on AAPL
2026-03-11 16:30:01,172 - INFO - Chosen strategy for MSFT: Momentum (profit_prob Momentum=0.00, MA=0.00)
2026-03-11 16:30:01,427 - INFO - Completed Momentum on MSFT
2026-03-11 16:30:01,630 - INFO - Chosen strategy for NVDA: Momentum (profit_prob Momentum=0.00, MA=0.00)
2026-03-11 16:30:01,906 - INFO - Completed Momentum on NVDA
2026-03-11 16:30:01,995 - INFO - Chosen strategy for GOOGL: Momentum (profit_prob Momentum=0.00, MA=0.00)
2026-03-11 16:30:02,339 - INFO - Completed Momentum on GOOGL
2026-03-11 16:30:02,584 - INFO - Chosen strategy for AMZN: Momentum (profit_prob Momentum=0.00, MA=0.00)
2026-03-11 16:30:03,062 - INFO - Completed Momentum on AMZN
2026-03-11 16:30:03,263 - INFO - Chosen strategy for META: Momentum (profit_prob Momentum=0.00, MA=0.00)
2026-03-11 16:30:03,561 - INFO - Completed Momentum on META
2026-03-11 16:30:03,732 - INFO - Chosen strategy for TSLA: Momentum (profit_prob Momentum=0.00, MA=0.00)
2026-03-11 16:30:04,014 - INFO - Completed Momentum on TSLA
2026-03-11 16:30:04,116 - INFO - Chosen strategy for BRK.B: Momentum (profit_prob Momentum=0.00, MA=0.00)
2026-03-11 16:30:04,509 - INFO - Completed Momentum on BRK.B
2026-03-11 16:30:04,659 - INFO - Chosen strategy for UNH: Momentum (profit_prob Momentum=0.00, MA=0.00)
2026-03-11 16:30:05,058 - INFO - Completed Momentum on UNH
2026-03-11 16:30:05,171 - INFO - Chosen strategy for XOM: Momentum (profit_prob Momentum=0.00, MA=0.00)
2026-03-11 16:30:05,611 - INFO - Completed Momentum on XOM
2026-03-11 16:30:05,612 - INFO - Daily BackTrace job finished
